[root@ritsrvvglpitst chatwoot]# sudo rm -r install.sh
[root@ritsrvvglpitst chatwoot]# git pull
remote: Enumerating objects: 9, done.
remote: Counting objects: 100% (9/9), done.
remote: Compressing objects: 100% (1/1), done.
remote: Total 5 (delta 4), reused 5 (delta 4), pack-reused 0 (from 0)
Unpacking objects: 100% (5/5), 907 bytes | 453.00 KiB/s, done.
From github.com:tasuboyz/Installation-guide-docker
   1af1ce7..ca7e08c  main       -> origin/main
Updating 1af1ce7..ca7e08c
Fast-forward
 applications/chatwoot/install.sh | 28 +++++++++++++++++++++++++++-
 1 file changed, 27 insertions(+), 1 deletion(-)
[root@ritsrvvglpitst chatwoot]# chmod +x install.sh
[root@ritsrvvglpitst chatwoot]# rm -f .env
[root@ritsrvvglpitst chatwoot]# docker volume rm chatwoot_postgres_data chatwoot_redis_data chatwoot_storage_data 2>/dev/null || true
[root@ritsrvvglpitst chatwoot]# docker system prune -a -f
Deleted Images:
untagged: pgvector/pgvector:pg16
untagged: pgvector/pgvector@sha256:0a07c4114ba6d1d04effcce3385e9f5ce305eb02e56a3d35948a415a52f193ec
deleted: sha256:68f823d56bc9172e799a8b4ed7ef4a407b39328f5359dd7e90f3319a38b6a19b
deleted: sha256:7b3602125f4b05a211091e227c765fd56500c6233bf8a38277ecd9d5eb7a12fb
deleted: sha256:380d4314647e46041e7f8d9ce86368bd18400e25f7b1b167c1f8b3025abee4c8
deleted: sha256:28cc5ce09baf5972b4ad7d6e4724a645467a8f27300654ca4669e7e3138dcd67
deleted: sha256:fcdc3fdee2df8c9ced389da88a9eb7e0cc6aa4582a0a996c9f7b9ea6f480b5dc
deleted: sha256:536a156d263265768977d2e3d51ff0f91027067ae0b39b6bf53db9e834752e92
deleted: sha256:ab6d1d1c6cd83fd9d9e8a35306d2c6340b159d73c45c1769fb228e85b6142f9b
deleted: sha256:23101e6dc428ae40ea3942c552196fd798a4df21a04e4c09e77f394db1b27ac4
deleted: sha256:f7ed8ec99651d1ad0ac4f4cb89336a33399a4454a389ee95be1fba3d1b040c06
deleted: sha256:51c0ee03ec09a860bc7f4984a59272753d169b586f030b1c9f5b8108fe966fd4
deleted: sha256:f3e79e324780be35118e820cfdf0aa381e2c998d39ada085b98db80920a7b8fa
deleted: sha256:0c901f63d05f7689b2670229c7fd179948d641de284953be20a5556208ac39db
deleted: sha256:9a0f2ea45d8d3c07754b8836e14ee3d33405f1abb6a1d047f1d58d3c3a18a70f
deleted: sha256:8cdf5e9b6eeef34a7a14593799828effbe8e00e3b7e8eba3bccbbf5281ede65f
deleted: sha256:e16c72c7b5f64696d7c5c8a8e5742e907215d1e1ed5d8ff471739ee4e2bf226e
deleted: sha256:2cd7306e35a582715df881cd799baaf9acdfcbef81b60223e090f49449603dd0
deleted: sha256:b512279032aa717092385dda875fffdcd96e4a4ad384225152522ac7bd5340a8
untagged: chatwoot/chatwoot:latest
untagged: chatwoot/chatwoot@sha256:e2cbcb1c023378aeda1b9c67edfce8bfc94833f775a3256369bc5b49c242028b
deleted: sha256:5937aa84fc05f83f7c48b8e061e700a278fa1cc0f0d07ced6b88468f0fcf479d
deleted: sha256:bb164bce2e6f354d65daf9794f213538e9d0a588f4afe15c2fbc5c9de305188f
deleted: sha256:cc095b91eb01e71b1fc8905a4b6af2cca80035c21706205fc7d2969b5ff8874c
deleted: sha256:f386ec86b4247ed7ad9fb6379656325ad8ce55ef81b8ee83152a3f434756ee52
deleted: sha256:b5faca8ef7d2289c348a8cbc205b707f922f3951c0bfa7cb8172c2969e39f5aa
deleted: sha256:151d521cc5c6ec129391052a0e013f6e08c18f27a524f791bb7cb2a25de31a62
deleted: sha256:02cb92bd3cd58d2c1c8f27b0754530e4baf77fe57700086908580e95718bc502
deleted: sha256:90b5913b7c3de79574574fa9c9f45c8f6cc7e8ec7f504e066c9481c193a1d2b2
deleted: sha256:453b7ca11c5c771da3b269518479abb33ffbdeccabc6ed7aeaeda1716d5fe1a9
deleted: sha256:9867da607ef606cd144922793575f762f5f3e99cfa337c9b72df9c4fabe137d9
deleted: sha256:235520514fb9db410ed39810c8b1173911e069cbbfbccfe5d355cc296af98d8b
deleted: sha256:066786bba4bd215f8ba00007152d3a7b004b70d9532aa51e0e9b015ffe11bf6b
deleted: sha256:08000c18d16dadf9553d747a58cf44023423a9ab010aab96cf263d2216b8b350
untagged: redis:alpine
untagged: redis@sha256:6cbef353e480a8a6e7f10ec545f13d7d3fa85a212cdcc5ffaf5a1c818b9d3798
deleted: sha256:778c3ea605c2c786ad6f7b9efe50c065903b1b4c7a4f5b2c6d76507b01402470
deleted: sha256:25086003984e6d4b3d1d14a3385bb3818a0f98b4fbd243e1e0d6973bb77e3bca
deleted: sha256:57c5c1e58f1b717c7427993004133c4fc60f760b7a774c9db824fb5d4f84d405
deleted: sha256:7c85c79efd57a69147a19fec59e0bffdc586ac5214107f43dc5ba606c0ef590c
deleted: sha256:04a8d9c54ec697488c326c1220c23adf5b26a87906182a9301a9539f9eec154e
deleted: sha256:2a705665535c2ed8f4e3501c302159f6552a0e740cfb4e1b087fed40b2d046eb
deleted: sha256:fc653158f678eed120adfcfedf748f77faa35801fe75abf50f5c73cc6eff5387

Total reclaimed space: 2.411GB
[root@ritsrvvglpitst chatwoot]# ./install.sh
[INFO] Starting Chatwoot installation...
[INFO] Installation directory: /root/Installation-guide-docker/applications/chatwoot
[INFO] Downloading configuration files...
--2025-12-09 11:00:24--  https://raw.githubusercontent.com/chatwoot/chatwoot/develop/.env.example
Resolving raw.githubusercontent.com (raw.githubusercontent.com)... 185.199.108.133, 185.199.111.133, 185.199.109.133, ...
Connecting to raw.githubusercontent.com (raw.githubusercontent.com)|185.199.108.133|:443... connected.
HTTP request sent, awaiting response... 200 OK
Length: 10073 (9.8K) [text/plain]
Saving to: ‘.env’

.env                          100%[=================================================>]   9.84K  --.-KB/s    in 0s

[+] Running 23/2524 (83.3 MB/s) - ‘.env’ saved [10073/10073]
 ✔ redis Pulled                                                                                                    6.4s
   ✔ 2d35ebdb57d9 Already exists                                                                                   0.0s
   ✔ c84a6e003d26 Pull complete                                                                                    2.4s
   ✔ 6a229eaa0f8a Pull complete                                                                                    3.0s
   ✔ 362eff98b603 Pull complete                                                                                    4.6s
   ✔ 793133e9ba6b Pull complete                                                                                    4.7s
   ✔ 4f4fb700ef54 Pull complete                                                                                    4.7s
[+] Running 23/25 Pull complete                                                                                    4.7s
 ✔ redis Pulled                                                                                                    6.4s
   ✔ 2d35ebdb57d9 Already exists                                                                                   0.0s
[+] Running 25/25 Pull complete                                                                                    2.4s
 ✔ redis Pulled                                                                                                    6.4s
   ✔ 2d35ebdb57d9 Already exists                                                                                   0.0s
   ✔ c84a6e003d26 Pull complete                                                                                    2.4s
   ✔ 6a229eaa0f8a Pull complete                                                                                    3.0s
   ✔ 362eff98b603 Pull complete                                                                                    4.6s
   ✔ 793133e9ba6b Pull complete                                                                                    4.7s
   ✔ 4f4fb700ef54 Pull complete                                                                                    4.7s
   ✔ cffa735aaa17 Pull complete                                                                                    4.7s
 ✔ postgres Pulled                                                                                                 9.5s
   ✔ 1adabd6b0d6b Pull complete                                                                                    2.5s
   ✔ 799548af46de Pull complete                                                                                    2.5s
   ✔ 7b697787d5d2 Pull complete                                                                                    2.7s
   ✔ 861643ce2817 Pull complete                                                                                    2.8s
   ✔ cdfd017c753d Pull complete                                                                                    3.2s
   ✔ 974175074a8f Pull complete                                                                                    3.3s
   ✔ 0dac5f77c330 Pull complete                                                                                    3.3s
   ✔ 5e83761a8bfc Pull complete                                                                                    3.3s
   ✔ db8bf9a4f43b Pull complete                                                                                    7.5s
[+] Running 9/11d Pull complete                                                                                    7.5s
 ⠏ rails [⣿⣿⣿⣿⣿⣿⣿⣿⣿⣿] 694.4MB / 695.9MB Pulling                                                                   13.0s
   ✔ f18232174bc9 Pull complete                                                                                    0.6s
[+] Running 9/111 Pull complete                                                                                    1.0s
 ⠋ rails [⣿⣿⣿⣿⣿⣿⣿⣿⣿⣿] 694.4MB / 695.9MB Pulling                                                                   13.1s
   ✔ f18232174bc9 Pull complete                                                                                    0.6s
   ✔ 0016605f35b1 Pull complete                                                                                    1.0s
   ✔ 96df96e77072 Pull complete                                                                                    2.7s
   ✔ e74e18870eb1 Pull complete                                                                                    2.7s
   ✔ b155374ea315 Pull complete                                                                                    7.5s
   ✔ 286c5bcf03cf Pull complete                                                                                    8.5s
   ✔ a11e433ece3a Pull complete                                                                                    9.1s
[+] Running 11/11 Pull complete                                                                                    9.1s
 ✔ rails Pulled                                                                                                   31.7s
   ✔ f18232174bc9 Pull complete                                                                                    0.6s
   ✔ 0016605f35b1 Pull complete                                                                                    1.0s
   ✔ 96df96e77072 Pull complete                                                                                    2.7s
   ✔ e74e18870eb1 Pull complete                                                                                    2.7s
   ✔ b155374ea315 Pull complete                                                                                    7.5s
   ✔ 286c5bcf03cf Pull complete                                                                                    8.5s
   ✔ a11e433ece3a Pull complete                                                                                    9.1s
   ✔ 4f4fb700ef54 Pull complete                                                                                    9.1s
   ✔ 590474577932 Pull complete                                                                                   27.4s
   ✔ c3da09abe1d0 Pull complete                                                                                   29.9s
+ rm -rf /app/tmp/pids/server.pidte                                                                                2.3s
+ rm -rf '/app/tmp/cache/*'complete                                                                                1.5s
+ echo 'Waiting for postgres to become ready....'                                                                  2.0s
Waiting for postgres to become ready....==>                                       ]  90...                         3.9s
+ docker/entrypoints/helpers/pg_database_url.rb=========>                         ]  38...                         3.9s
+ export 'POSTGRES_PORT=5432'
+ PG_READY='pg_isready -h postgres -p 5432 -U postgres'
+ pg_isready -h postgres -p 5432 -U postgres
postgres:5432 - no response
+ sleep 2
+ pg_isready -h postgres -p 5432 -U postgres
postgres:5432 - no response
+ sleep 2
^C
[root@ritsrvvglpitst chatwoot]#

WARN[0000] /root/Installation-guide-docker/applications/chatwoot/docker-compose.yaml: the attribute `version` is obsolete, it will be ignored, please remove it to avoid potential confusion
postgres-1  | Error: Database is uninitialized and superuser password is not specified.
postgres-1  |        You must specify POSTGRES_PASSWORD to a non-empty value for the
postgres-1  |        superuser. For example, "-e POSTGRES_PASSWORD=password" on "docker run".
postgres-1  |
postgres-1  |        You may also use "POSTGRES_HOST_AUTH_METHOD=trust" to allow all
postgres-1  |        connections without a password. This is *not* recommended.
postgres-1  |
postgres-1  |        See PostgreSQL documentation about "trust":
postgres-1  |        https://www.postgresql.org/docs/current/auth-trust.html
postgres-1  | Error: Database is uninitialized and superuser password is not specified.
postgres-1  |        You must specify POSTGRES_PASSWORD to a non-empty value for the
postgres-1  |        superuser. For example, "-e POSTGRES_PASSWORD=password" on "docker run".
postgres-1  |
postgres-1  |        You may also use "POSTGRES_HOST_AUTH_METHOD=trust" to allow all
postgres-1  |        connections without a password. This is *not* recommended.
postgres-1  |
postgres-1  |        See PostgreSQL documentation about "trust":
postgres-1  |        https://www.postgresql.org/docs/current/auth-trust.html
postgres-1  | Error: Database is uninitialized and superuser password is not specified.
postgres-1  |        You must specify POSTGRES_PASSWORD to a non-empty value for the
postgres-1  |        superuser. For example, "-e POSTGRES_PASSWORD=password" on "docker run".
postgres-1  |
postgres-1  |        You may also use "POSTGRES_HOST_AUTH_METHOD=trust" to allow all
postgres-1  |        connections without a password. This is *not* recommended.
postgres-1  |
postgres-1  |        See PostgreSQL documentation about "trust":
postgres-1  |        https://www.postgresql.org/docs/current/auth-trust.html
postgres-1  | Error: Database is uninitialized and superuser password is not specified.
postgres-1  |        You must specify POSTGRES_PASSWORD to a non-empty value for the
postgres-1  |        superuser. For example, "-e POSTGRES_PASSWORD=password" on "docker run".
postgres-1  |
postgres-1  |        You may also use "POSTGRES_HOST_AUTH_METHOD=trust" to allow all
postgres-1  |        connections without a password. This is *not* recommended.
postgres-1  |
postgres-1  |        See PostgreSQL documentation about "trust":
postgres-1  |        https://www.postgresql.org/docs/current/auth-trust.html
postgres-1  | Error: Database is uninitialized and superuser password is not specified.
postgres-1  |        You must specify POSTGRES_PASSWORD to a non-empty value for the
postgres-1  |        superuser. For example, "-e POSTGRES_PASSWORD=password" on "docker run".
postgres-1  |
postgres-1  |        You may also use "POSTGRES_HOST_AUTH_METHOD=trust" to allow all
postgres-1  |        connections without a password. This is *not* recommended.
postgres-1  |
postgres-1  |        See PostgreSQL documentation about "trust":
postgres-1  |        https://www.postgresql.org/docs/current/auth-trust.html
postgres-1  | Error: Database is uninitialized and superuser password is not specified.
postgres-1  |        You must specify POSTGRES_PASSWORD to a non-empty value for the
postgres-1  |        superuser. For example, "-e POSTGRES_PASSWORD=password" on "docker run".
postgres-1  |
postgres-1  |        You may also use "POSTGRES_HOST_AUTH_METHOD=trust" to allow all
postgres-1  |        connections without a password. This is *not* recommended.
postgres-1  |
postgres-1  |        See PostgreSQL documentation about "trust":
postgres-1  |        https://www.postgresql.org/docs/current/auth-trust.html
postgres-1  | Error: Database is uninitialized and superuser password is not specified.
postgres-1  |        You must specify POSTGRES_PASSWORD to a non-empty value for the
postgres-1  |        superuser. For example, "-e POSTGRES_PASSWORD=password" on "docker run".
postgres-1  |
postgres-1  |        You may also use "POSTGRES_HOST_AUTH_METHOD=trust" to allow all
postgres-1  |        connections without a password. This is *not* recommended.
postgres-1  |
postgres-1  |        See PostgreSQL documentation about "trust":
postgres-1  |        https://www.postgresql.org/docs/current/auth-trust.html
postgres-1  | Error: Database is uninitialized and superuser password is not specified.
postgres-1  |        You must specify POSTGRES_PASSWORD to a non-empty value for the
postgres-1  |        superuser. For example, "-e POSTGRES_PASSWORD=password" on "docker run".
postgres-1  |
postgres-1  |        You may also use "POSTGRES_HOST_AUTH_METHOD=trust" to allow all
postgres-1  |        connections without a password. This is *not* recommended.
postgres-1  |
postgres-1  |        See PostgreSQL documentation about "trust":
postgres-1  |        https://www.postgresql.org/docs/current/auth-trust.html
postgres-1  | Error: Database is uninitialized and superuser password is not specified.
postgres-1  |        You must specify POSTGRES_PASSWORD to a non-empty value for the
postgres-1  |        superuser. For example, "-e POSTGRES_PASSWORD=password" on "docker run".
postgres-1  |
postgres-1  |        You may also use "POSTGRES_HOST_AUTH_METHOD=trust" to allow all
postgres-1  |        connections without a password. This is *not* recommended.
postgres-1  |
postgres-1  |        See PostgreSQL documentation about "trust":
postgres-1  |        https://www.postgresql.org/docs/current/auth-trust.html
postgres-1  | Error: Database is uninitialized and superuser password is not specified.
postgres-1  |        You must specify POSTGRES_PASSWORD to a non-empty value for the
postgres-1  |        superuser. For example, "-e POSTGRES_PASSWORD=password" on "docker run".
postgres-1  |
postgres-1  |        You may also use "POSTGRES_HOST_AUTH_METHOD=trust" to allow all
postgres-1  |        connections without a password. This is *not* recommended.
postgres-1  |
postgres-1  |        See PostgreSQL documentation about "trust":
postgres-1  |        https://www.postgresql.org/docs/current/auth-trust.html
[root@ritsrvvglpitst chatwoot]# CONTAINER=$(docker compose ps -q postgres)
WARN[0000] /root/Installation-guide-docker/applications/chatwoot/docker-compose.yaml: the attribute `version` is obsolete, it will be ignored, please remove it to avoid potential confusion
[root@ritsrvvglpitst chatwoot]# docker inspect --format '{{range .Config.Env}}{{println .}}{{end}}' $CONTAINER || true
POSTGRES_DB=chatwoot
POSTGRES_USER=postgres
POSTGRES_PASSWORD=
PATH=/usr/local/sbin:/usr/local/bin:/usr/sbin:/usr/bin:/sbin:/bin:/usr/lib/postgresql/16/bin
GOSU_VERSION=1.19
LANG=en_US.utf8
PG_MAJOR=16
PG_VERSION=16.10-1.pgdg12+1
PGDATA=/var/lib/postgresql/data



